// Vitest Snapshot v1, https://vitest.dev/guide/snapshot.html

exports[`group > should match snapshot 1`] = `
<div
  class="inf-checkbox-group inf-checkbox-group--direction-vertical"
>
  <label
    class="inf-checkbox"
  >
    <input
      aria-checked="false"
      aria-required="false"
      type="checkbox"
      value=""
    />
    <span
      class="inf-checkbox__box"
    >
      <svg
        fill="none"
        height="16px"
        viewBox="0 0 20 20"
        width="16px"
        xmlns="http://www.w3.org/2000/svg"
      >
        <path
          d="M6 9.70588L9.11111 13L13.5 6"
          stroke="currentColor"
          stroke-linejoin="round"
          stroke-width="1.5"
        />
      </svg>
    </span>
    <span
      class="inf-checkbox__label"
    >
      Label 1
    </span>
  </label>
  <label
    class="inf-checkbox"
  >
    <input
      aria-checked="false"
      aria-required="false"
      type="checkbox"
      value=""
    />
    <span
      class="inf-checkbox__box"
    >
      <svg
        fill="none"
        height="16px"
        viewBox="0 0 20 20"
        width="16px"
        xmlns="http://www.w3.org/2000/svg"
      >
        <path
          d="M6 9.70588L9.11111 13L13.5 6"
          stroke="currentColor"
          stroke-linejoin="round"
          stroke-width="1.5"
        />
      </svg>
    </span>
    <span
      class="inf-checkbox__label"
    >
      Label 2
    </span>
  </label>
</div>
`;
