// Vitest Snapshot v1, https://vitest.dev/guide/snapshot.html

exports[`NativeDatePicker > should match snapshop 1`] = `
<input
  class="inf-datepicker inf-text-field inf-text-field--br-regular"
  role="calendar"
  type="date"
  value=""
/>
`;
